// Jest Snapshot v1, https://goo.gl/fbAQLP

exports[`should render add expense component  1`] = `
<div>
  <h1>
     Add Expense Page
  </h1>
  <ExpenseForm
    onSubmitPassedUp={[Function]}
  />
</div>
`;
