// Jest Snapshot v1, https://goo.gl/fbAQLP

exports[` should render Error component 1`] = `
<div>
  <p>
    404!! not found
  </p>
  <Link
    to="/"
  >
    Go Home
  </Link>
</div>
`;
